// Vitest Snapshot v1, https://vitest.dev/guide/snapshot.html

exports[`buildAutomationTargetDefs (characterization) > produces a stable, sorted, de-duplicated set of target defs 1`] = `
{
  "count": 112,
  "groups": [
    "all",
    "Accent",
    "Channel Entry",
    "Channel Euclid",
    "Channel Fallback",
    "Channel Hocket",
    "Channel Matrix",
    "Channel Seeds",
    "Cycle",
    "Generator",
    "Transport",
  ],
  "targets": [
    "sequencer.accent.beatStart.max",
    "sequencer.accent.beatStart.min",
    "sequencer.accent.jathiStart.max",
    "sequencer.accent.jathiStart.min",
    "sequencer.accent.sectionStartExtra.max",
    "sequencer.accent.sectionStartExtra.min",
    "channelHocket.entry.first.1.weight",
    "channelHocket.entry.first.2.weight",
    "channelHocket.entry.first.3.weight",
    "channelHocket.entry.first.4.weight",
    "channelHocket.entry.first.5.weight",
    "channelHocket.entry.first.6.weight",
    "channelHocket.entry.first.7.weight",
    "channelHocket.entry.first.8.weight",
    "channelHocket.euclid.steps",
    "channelHocket.euclid.layer.0.steps",
    "channelHocket.euclid.layer.0.maxRun",
    "channelHocket.euclid.layer.0.pulses",
    "channelHocket.euclid.layer.0.rotation",
    "channelHocket.euclid.layer.1.steps",
    "channelHocket.euclid.layer.1.maxRun",
    "channelHocket.euclid.layer.1.pulses",
    "channelHocket.euclid.layer.1.rotation",
    "channelHocket.fallback.channel.1.weight",
    "channelHocket.fallback.channel.2.weight",
    "channelHocket.fallback.channel.3.weight",
    "channelHocket.fallback.channel.4.weight",
    "channelHocket.fallback.channel.5.weight",
    "channelHocket.fallback.channel.6.weight",
    "channelHocket.fallback.channel.7.weight",
    "channelHocket.fallback.channel.8.weight",
    "channelHocket.enabled",
    "channelHocket.fallback.staticChannel",
    "channelHocket.outputChannel",
    "channelHocket.matrix.first.1.to.1.weight",
    "channelHocket.matrix.first.1.to.2.weight",
    "channelHocket.matrix.first.1.to.3.weight",
    "channelHocket.matrix.first.1.to.4.weight",
    "channelHocket.matrix.first.1.to.5.weight",
    "channelHocket.matrix.first.1.to.6.weight",
    "channelHocket.matrix.first.1.to.7.weight",
    "channelHocket.matrix.first.1.to.8.weight",
    "channelHocket.matrix.first.2.to.1.weight",
    "channelHocket.matrix.first.2.to.2.weight",
    "channelHocket.matrix.first.2.to.3.weight",
    "channelHocket.matrix.first.2.to.4.weight",
    "channelHocket.matrix.first.2.to.5.weight",
    "channelHocket.matrix.first.2.to.6.weight",
    "channelHocket.matrix.first.2.to.7.weight",
    "channelHocket.matrix.first.2.to.8.weight",
    "channelHocket.matrix.first.3.to.1.weight",
    "channelHocket.matrix.first.3.to.2.weight",
    "channelHocket.matrix.first.3.to.3.weight",
    "channelHocket.matrix.first.3.to.4.weight",
    "channelHocket.matrix.first.3.to.5.weight",
    "channelHocket.matrix.first.3.to.6.weight",
    "channelHocket.matrix.first.3.to.7.weight",
    "channelHocket.matrix.first.3.to.8.weight",
    "channelHocket.matrix.first.4.to.1.weight",
    "channelHocket.matrix.first.4.to.2.weight",
    "channelHocket.matrix.first.4.to.3.weight",
    "channelHocket.matrix.first.4.to.4.weight",
    "channelHocket.matrix.first.4.to.5.weight",
    "channelHocket.matrix.first.4.to.6.weight",
    "channelHocket.matrix.first.4.to.7.weight",
    "channelHocket.matrix.first.4.to.8.weight",
    "channelHocket.matrix.first.5.to.1.weight",
    "channelHocket.matrix.first.5.to.2.weight",
    "channelHocket.matrix.first.5.to.3.weight",
    "channelHocket.matrix.first.5.to.4.weight",
    "channelHocket.matrix.first.5.to.5.weight",
    "channelHocket.matrix.first.5.to.6.weight",
    "channelHocket.matrix.first.5.to.7.weight",
    "channelHocket.matrix.first.5.to.8.weight",
    "channelHocket.matrix.first.6.to.1.weight",
    "channelHocket.matrix.first.6.to.2.weight",
    "channelHocket.matrix.first.6.to.3.weight",
    "channelHocket.matrix.first.6.to.4.weight",
    "channelHocket.matrix.first.6.to.5.weight",
    "channelHocket.matrix.first.6.to.6.weight",
    "channelHocket.matrix.first.6.to.7.weight",
    "channelHocket.matrix.first.6.to.8.weight",
    "channelHocket.matrix.first.7.to.1.weight",
    "channelHocket.matrix.first.7.to.2.weight",
    "channelHocket.matrix.first.7.to.3.weight",
    "channelHocket.matrix.first.7.to.4.weight",
    "channelHocket.matrix.first.7.to.5.weight",
    "channelHocket.matrix.first.7.to.6.weight",
    "channelHocket.matrix.first.7.to.7.weight",
    "channelHocket.matrix.first.7.to.8.weight",
    "channelHocket.matrix.first.8.to.1.weight",
    "channelHocket.matrix.first.8.to.2.weight",
    "channelHocket.matrix.first.8.to.3.weight",
    "channelHocket.matrix.first.8.to.4.weight",
    "channelHocket.matrix.first.8.to.5.weight",
    "channelHocket.matrix.first.8.to.6.weight",
    "channelHocket.matrix.first.8.to.7.weight",
    "channelHocket.matrix.first.8.to.8.weight",
    "channelHocket.seed.historyWeight",
    "channelHocket.seed.maxHistory",
    "channelHocket.seed.newSeedWeight",
    "sequencer.pitch",
    "sequencer.velocity",
    "generator.dumka.barlowTemperature",
    "generator.example.density",
    "generator.dumka.densityCeiling",
    "generator.dumka.densityFloor",
    "generator.dumka.driftLeash",
    "generator.dumka.evolutionRate",
    "generator.dumka.fillComplexity",
    "transport.midiOutputChannel",
    "transport.tempoBpm",
  ],
}
`;

exports[`buildAutomationTargetDefs (characterization) > snapshots a representative built def in full 1`] = `
{
  "fallback": 90,
  "group": "Transport",
  "label": "Tempo",
  "max": 400,
  "min": 20,
  "sampleRate": "beat",
  "step": 0.5,
  "target": "transport.tempoBpm",
  "unit": "bpm",
  "valueKind": "float",
}
`;
